
$ git archive --format=zip --output C:\Users\swayn\Projects\DQIX-Decomp\build\verification\2a0b42ae9ebb-rvxhn14x\source.zip 2a0b42ae9ebbcc97a2d4685d36aad15646c1e238

$ C:\Users\swayn\Projects\DQIX-Decomp\.venv\Scripts\python.exe tools/configure.py usa

$ C:\Users\swayn\Projects\DQIX-Decomp\.venv\Scripts\ninja.exe rom check report
[1/164] C:\Users\swayn\Projects\DQIX-Decomp\.venv\Scripts\python.exe tools/download_tool.py objdiff v2.7.1 --path .\objdiff-cli.exe

Downloading objdiff v2.7.1...
[2/164] C:\Users\swayn\Projects\DQIX-Decomp\.venv\Scripts\python.exe tools/download_tool.py dsd v0.10.2 --path .\dsd.exe

Downloading dsd v0.10.2...
[3/164] .\dsd.exe objdiff --config-path config\usa\arm9\config.yaml --scratch --compiler mwcc_30_137 --c-flags "-O2 -enum int -char signed -str noreuse -proc arm946e -gccext,on -fp soft -inline noauto -lang=c++ -Cpp_exceptions off -RTTI off -interworking -w off -sym on -gccinc -nolink -msgstyle gcc -str pool,reuse -lang=c++" --custom-make ninja
[4/164] .\dsd.exe rom extract --rom extract\baserom_dqix_usa.nds --output-path extract\usa 
[INFO ] Saving ROM to directory extract\usa
[INFO ] Decompressing ARM9 program
[INFO ] Decompressing arm9 overlay 0/34
[INFO ] Decompressing arm9 overlay 1/34
[INFO ] Decompressing arm9 overlay 2/34
[INFO ] Decompressing arm9 overlay 3/34
[INFO ] Decompressing arm9 overlay 4/34
[INFO ] Decompressing arm9 overlay 5/34
[INFO ] Decompressing arm9 overlay 6/34
[INFO ] Decompressing arm9 overlay 7/34
[INFO ] Decompressing arm9 overlay 8/34
[INFO ] Decompressing arm9 overlay 9/34
[INFO ] Decompressing arm9 overlay 10/34
[INFO ] Decompressing arm9 overlay 11/34
[INFO ] Decompressing arm9 overlay 12/34
[INFO ] Decompressing arm9 overlay 13/34
[INFO ] Decompressing arm9 overlay 14/34
[INFO ] Decompressing arm9 overlay 15/34
[INFO ] Decompressing arm9 overlay 16/34
[INFO ] Decompressing arm9 overlay 17/34
[INFO ] Decompressing arm9 overlay 18/34
[INFO ] Decompressing arm9 overlay 19/34
[INFO ] Decompressing arm9 overlay 20/34
[INFO ] Decompressing arm9 overlay 21/34
[INFO ] Decompressing arm9 overlay 22/34
[INFO ] Decompressing arm9 overlay 23/34
[INFO ] Decompressing arm9 overlay 24/34
[INFO ] Decompressing arm9 overlay 25/34
[INFO ] Decompressing arm9 overlay 26/34
[INFO ] Decompressing arm9 overlay 27/34
[INFO ] Decompressing arm9 overlay 28/34
[INFO ] Decompressing arm9 overlay 29/34
[INFO ] Decompressing arm9 overlay 30/34
[INFO ] Decompressing arm9 overlay 31/34
[INFO ] Decompressing arm9 overlay 32/34
[INFO ] Decompressing arm9 overlay 33/34
[INFO ] Decompressing arm9 overlay 34/34
[INFO ] Saving ROM assets
[5/164] C:\Users\swayn\Projects\DQIX-Decomp\.venv\Scripts\python.exe tools/generate_lcf.py --dsd ".\dsd.exe" --config-path config\usa\arm9\config.yaml --lcf-path build\usa\arm9.lcf
[INFO ] Loading ROM from config\usa\arm9\../../../extract/usa/config.yaml
[6/164] .\dsd.exe delink --config-path config\usa\arm9\config.yaml
[INFO ] Loading ROM from config\usa\arm9\../../../extract/usa/config.yaml
[INFO ] Function at 0x020c0e9c was adjusted to include pre-code constant pool at 0x020c0e88
[7/164] C:\Users\swayn\Projects\DQIX-Decomp\.venv\Scripts\python.exe tools/download_tool.py mwccarm latest --path tools

Downloading mwccarm latest...
[8/164] ".\tools\mwccarm\2.0\sp2p2\mwccarm.exe" -O2 -enum int -char signed -str noreuse -proc arm946e -gccext,on -fp soft -inline noauto -lang=c++ -Cpp_exceptions off -RTTI off -interworking -w off -sym on -gccinc -nolink -msgstyle gcc -str pool,reuse -i include -lang=c++ -d usa -MD -c src\Combat\Main\BasicAttackCalculation.cpp -o build\usa\src\Combat\Main
[9/164] ".\tools\mwccarm\2.0\sp2p2\mwccarm.exe" -O2 -enum int -char signed -str noreuse -proc arm946e -gccext,on -fp soft -inline noauto -lang=c++ -Cpp_exceptions off -RTTI off -interworking -w off -sym on -gccinc -nolink -msgstyle gcc -str pool,reuse -i include -lang=c++ -d usa -MD -c src\Combat\Main\CritRateCalculation.cpp -o build\usa\src\Combat\Main
[10/164] ".\tools\mwccarm\2.0\sp2p2\mwccarm.exe" -O2 -enum int -char signed -str noreuse -proc arm946e -gccext,on -fp soft -inline noauto -lang=c++ -Cpp_exceptions off -RTTI off -interworking -w off -sym on -gccinc -nolink -msgstyle gcc -str pool,reuse -i include -lang=c++ -d usa -MD -c src\Combat\Main\TensionBonusCalculation.cpp -o build\usa\src\Combat\Main
[11/164] ".\tools\mwccarm\2.0\sp2p2\mwccarm.exe" -O2 -enum int -char signed -str noreuse -proc arm946e -gccext,on -fp soft -inline noauto -lang=c++ -Cpp_exceptions off -RTTI off -interworking -w off -sym on -gccinc -nolink -msgstyle gcc -str pool,reuse -i include -lang=c++ -d usa -MD -c src\Filesystem\CardReadManagerAcquireBus.cpp -o build\usa\src\Filesystem
[12/164] ".\tools\mwccarm\2.0\sp2p2\mwccarm.exe" -O2 -enum int -char signed -str noreuse -proc arm946e -gccext,on -fp soft -inline noauto -lang=c++ -Cpp_exceptions off -RTTI off -interworking -w off -sym on -gccinc -nolink -msgstyle gcc -str pool,reuse -i include -lang=c++ -d usa -MD -c src\Filesystem\CardReadManagerInit.cpp -o build\usa\src\Filesystem
[13/164] ".\tools\mwccarm\2.0\sp2p2\mwccarm.exe" -O2 -enum int -char signed -str noreuse -proc arm946e -gccext,on -fp soft -inline noauto -lang=c++ -Cpp_exceptions off -RTTI off -interworking -w off -sym on -gccinc -nolink -msgstyle gcc -str pool,reuse -i include -lang=c++ -d usa -MD -c src\Filesystem\ExtendedNitroVM.cpp -o build\usa\src\Filesystem
[14/164] ".\tools\mwccarm\2.0\sp2p2\mwccarm.exe" -O2 -enum int -char signed -str noreuse -proc arm946e -gccext,on -fp soft -inline noauto -lang=c++ -Cpp_exceptions off -RTTI off -interworking -w off -sym on -gccinc -nolink -msgstyle gcc -str pool,reuse -i include -lang=c++ -d usa -MD -c src\Filesystem\FileAccessor.cpp -o build\usa\src\Filesystem
[15/164] ".\tools\mwccarm\2.0\sp2p2\mwccarm.exe" -O2 -enum int -char signed -str noreuse -proc arm946e -gccext,on -fp soft -inline noauto -lang=c++ -Cpp_exceptions off -RTTI off -interworking -w off -sym on -gccinc -nolink -msgstyle gcc -str pool,reuse -i include -lang=c++ -d usa -MD -c src\Filesystem\FileCacheConfiguration.cpp -o build\usa\src\Filesystem
[16/164] ".\tools\mwccarm\2.0\sp2p2\mwccarm.exe" -O2 -enum int -char signed -str noreuse -proc arm946e -gccext,on -fp soft -inline noauto -lang=c++ -Cpp_exceptions off -RTTI off -interworking -w off -sym on -gccinc -nolink -msgstyle gcc -str pool,reuse -i include -lang=c++ -d usa -MD -c src\Filesystem\GPC.cpp -o build\usa\src\Filesystem
[17/164] ".\tools\mwccarm\2.0\sp2p2\mwccarm.exe" -O2 -enum int -char signed -str noreuse -proc arm946e -gccext,on -fp soft -inline noauto -lang=c++ -Cpp_exceptions off -RTTI off -interworking -w off -sym on -gccinc -nolink -msgstyle gcc -str pool,reuse -i include -lang=c++ -d usa -MD -c src\Filesystem\GPCData.cpp -o build\usa\src\Filesystem
[18/164] ".\tools\mwccarm\2.0\sp2p2\mwccarm.exe" -O2 -enum int -char signed -str noreuse -proc arm946e -gccext,on -fp soft -inline noauto -lang=c++ -Cpp_exceptions off -RTTI off -interworking -w off -sym on -gccinc -nolink -msgstyle gcc -str pool,reuse -i include -lang=c++ -d usa -MD -c src\Filesystem\LowNitroHandle.cpp -o build\usa\src\Filesystem
[19/164] ".\tools\mwccarm\2.0\sp2p2\mwccarm.exe" -O2 -enum int -char signed -str noreuse -proc arm946e -gccext,on -fp soft -inline noauto -lang=c++ -Cpp_exceptions off -RTTI off -interworking -w off -sym on -gccinc -nolink -msgstyle gcc -str pool,reuse -i include -lang=c++ -d usa -MD -c src\Filesystem\NarcHandle.cpp -o build\usa\src\Filesystem
[20/164] ".\tools\mwccarm\2.0\sp2p2\mwccarm.exe" -O2 -enum int -char signed -str noreuse -proc arm946e -gccext,on -fp soft -inline noauto -lang=c++ -Cpp_exceptions off -RTTI off -interworking -w off -sym on -gccinc -nolink -msgstyle gcc -str pool,reuse -i include -lang=c++ -d usa -MD -c src\Filesystem\NitroVM.cpp -o build\usa\src\Filesystem
[21/164] ".\tools\mwccarm\2.0\sp2p2\mwccarm.exe" -O2 -enum int -char signed -str noreuse -proc arm946e -gccext,on -fp soft -inline noauto -lang=c++ -Cpp_exceptions off -RTTI off -interworking -w off -sym on -gccinc -nolink -msgstyle gcc -str pool,reuse -i include -lang=c++ -d usa -MD -c src\Filesystem\OverlayFSManagement.cpp -o build\usa\src\Filesystem
[22/164] ".\tools\mwccarm\2.0\sp2p2\mwccarm.exe" -O2 -enum int -char signed -str noreuse -proc arm946e -gccext,on -fp soft -inline noauto -lang=c++ -Cpp_exceptions off -RTTI off -interworking -w off -sym on -gccinc -nolink -msgstyle gcc -str pool,reuse -i include -lang=c++ -d usa -MD -c src\Filesystem\itcm\FileCacheData.cpp -o build\usa\src\Filesystem\itcm
[23/164] ".\tools\mwccarm\2.0\sp2p2\mwccarm.exe" -O2 -enum int -char signed -str noreuse -proc arm946e -gccext,on -fp soft -inline noauto -lang=c++ -Cpp_exceptions off -RTTI off -interworking -w off -sym on -gccinc -nolink -msgstyle gcc -str pool,reuse -i include -lang=c++ -d usa -MD -c src\Graphics\AlphaTween.cpp -o build\usa\src\Graphics
[24/164] ".\tools\mwccarm\2.0\sp2p2\mwccarm.exe" -O2 -enum int -char signed -str noreuse -proc arm946e -gccext,on -fp soft -inline noauto -lang=c++ -Cpp_exceptions off -RTTI off -interworking -w off -sym on -gccinc -nolink -msgstyle gcc -str pool,reuse -i include -lang=c++ -d usa -MD -c src\Graphics\ExtendedVectorMath.cpp -o build\usa\src\Graphics
[25/164] ".\tools\mwccarm\2.0\sp2p2\mwccarm.exe" -O2 -enum int -char signed -str noreuse -proc arm946e -gccext,on -fp soft -inline noauto -lang=c++ -Cpp_exceptions off -RTTI off -interworking -w off -sym on -gccinc -nolink -msgstyle gcc -str pool,reuse -i include -lang=c++ -d usa -MD -c src\Filesystem\CardReadManager.cpp -o build\usa\src\Filesystem
[26/164] ".\tools\mwccarm\2.0\sp2p2\mwccarm.exe" -O2 -enum int -char signed -str noreuse -proc arm946e -gccext,on -fp soft -inline noauto -lang=c++ -Cpp_exceptions off -RTTI off -interworking -w off -sym on -gccinc -nolink -msgstyle gcc -str pool,reuse -i include -lang=c++ -d usa -MD -c src\Graphics\Animation3D.cpp -o build\usa\src\Graphics
[27/164] ".\tools\mwccarm\2.0\sp2p2\mwccarm.exe" -O2 -enum int -char signed -str noreuse -proc arm946e -gccext,on -fp soft -inline noauto -lang=c++ -Cpp_exceptions off -RTTI off -interworking -w off -sym on -gccinc -nolink -msgstyle gcc -str pool,reuse -i include -lang=c++ -d usa -MD -c src\GameState\GameStateInstance.cpp -o build\usa\src\GameState
[28/164] ".\tools\mwccarm\2.0\sp2p2\mwccarm.exe" -O2 -enum int -char signed -str noreuse -proc arm946e -gccext,on -fp soft -inline noauto -lang=c++ -Cpp_exceptions off -RTTI off -interworking -w off -sym on -gccinc -nolink -msgstyle gcc -str pool,reuse -i include -lang=c++ -d usa -MD -c src\Combat\Overlay_24\GetAttackBaseDamage.cpp -o build\usa\src\Combat\Overlay_24
[29/164] ".\tools\mwccarm\2.0\sp2p2\mwccarm.exe" -O2 -enum int -char signed -str noreuse -proc arm946e -gccext,on -fp soft -inline noauto -lang=c++ -Cpp_exceptions off -RTTI off -interworking -w off -sym on -gccinc -nolink -msgstyle gcc -str pool,reuse -i include -lang=c++ -d usa -MD -c src\Combat\Overlay_0\GetCombatantByID.cpp -o build\usa\src\Combat\Overlay_0
[30/164] ".\tools\mwccarm\2.0\sp2p2\mwccarm.exe" -O2 -enum int -char signed -str noreuse -proc arm946e -gccext,on -fp soft -inline noauto -lang=c++ -Cpp_exceptions off -RTTI off -interworking -w off -sym on -gccinc -nolink -msgstyle gcc -str pool,reuse -i include -lang=c++ -d usa -MD -c src\Combat\Overlay_0\UpdateCombatantBuffs.cpp -o build\usa\src\Combat\Overlay_0
[31/164] ".\tools\mwccarm\2.0\sp2p2\mwccarm.exe" -O2 -enum int -char signed -str noreuse -proc arm946e -gccext,on -fp soft -inline noauto -lang=c++ -Cpp_exceptions off -RTTI off -interworking -w off -sym on -gccinc -nolink -msgstyle gcc -str pool,reuse -i include -lang=c++ -d usa -MD -c src\GameState\GameStateObjects.cpp -o build\usa\src\GameState
[32/164] ".\tools\mwccarm\2.0\sp2p2\mwccarm.exe" -O2 -enum int -char signed -str noreuse -proc arm946e -gccext,on -fp soft -inline noauto -lang=c++ -Cpp_exceptions off -RTTI off -interworking -w off -sym on -gccinc -nolink -msgstyle gcc -str pool,reuse -i include -lang=c++ -d usa -MD -c src\GameState\GameTime.cpp -o build\usa\src\GameState
[33/164] ".\tools\mwccarm\2.0\sp2p2\mwccarm.exe" -O2 -enum int -char signed -str noreuse -proc arm946e -gccext,on -fp soft -inline noauto -lang=c++ -Cpp_exceptions off -RTTI off -interworking -w off -sym on -gccinc -nolink -msgstyle gcc -str pool,reuse -i include -lang=c++ -d usa -MD -c src\Graphics\VRAMDefaults.cpp -o build\usa\src\Graphics
[34/164] ".\tools\mwccarm\2.0\sp2p2\mwccarm.exe" -O2 -enum int -char signed -str noreuse -proc arm946e -gccext,on -fp soft -inline noauto -lang=c++ -Cpp_exceptions off -RTTI off -interworking -w off -sym on -gccinc -nolink -msgstyle gcc -str pool,reuse -i include -lang=c++ -d usa -MD -c src\Filesystem\Overlay_33\Ov33BackgroundLoader.cpp -o build\usa\src\Filesystem\Overlay_33
[35/164] ".\tools\mwccarm\2.0\sp2p2\mwccarm.exe" -O2 -enum int -char signed -str noreuse -proc arm946e -gccext,on -fp soft -inline noauto -lang=c++ -Cpp_exceptions off -RTTI off -interworking -w off -sym on -gccinc -nolink -msgstyle gcc -str pool,reuse -i include -lang=c++ -d usa -MD -c src\Graphics\VRAMAllocations.cpp -o build\usa\src\Graphics
[36/164] ".\tools\mwccarm\2.0\sp2p2\mwccarm.exe" -O2 -enum int -char signed -str noreuse -proc arm946e -gccext,on -fp soft -inline noauto -lang=c++ -Cpp_exceptions off -RTTI off -interworking -w off -sym on -gccinc -nolink -msgstyle gcc -str pool,reuse -i include -lang=c++ -d usa -MD -c src\Graphics\VRAMImageInit.cpp -o build\usa\src\Graphics
[37/164] ".\tools\mwccarm\2.0\sp2p2\mwccarm.exe" -O2 -enum int -char signed -str noreuse -proc arm946e -gccext,on -fp soft -inline noauto -lang=c++ -Cpp_exceptions off -RTTI off -interworking -w off -sym on -gccinc -nolink -msgstyle gcc -str pool,reuse -i include -lang=c++ -d usa -MD -c src\Filesystem\BackgroundLoader.cpp -o build\usa\src\Filesystem
[38/164] ".\tools\mwccarm\2.0\sp2p2\mwccarm.exe" -O2 -enum int -char signed -str noreuse -proc arm946e -gccext,on -fp soft -inline noauto -lang=c++ -Cpp_exceptions off -RTTI off -interworking -w off -sym on -gccinc -nolink -msgstyle gcc -str pool,reuse -i include -lang=c++ -d usa -MD -c src\Graphics\LightingInfo.cpp -o build\usa\src\Graphics
[39/164] ".\tools\mwccarm\2.0\sp2p2\mwccarm.exe" -O2 -enum int -char signed -str noreuse -proc arm946e -gccext,on -fp soft -inline noauto -lang=c++ -Cpp_exceptions off -RTTI off -interworking -w off -sym on -gccinc -nolink -msgstyle gcc -str pool,reuse -i include -lang=c++ -d usa -MD -c src\Filesystem\FileIO.cpp -o build\usa\src\Filesystem
[40/164] ".\tools\mwccarm\2.0\sp2p2\mwccarm.exe" -O2 -enum int -char signed -str noreuse -proc arm946e -gccext,on -fp soft -inline noauto -lang=c++ -Cpp_exceptions off -RTTI off -interworking -w off -sym on -gccinc -nolink -msgstyle gcc -str pool,reuse -i include -lang=c++ -d usa -MD -c src\Graphics\VRAMImagePools.cpp -o build\usa\src\Graphics
[41/164] ".\tools\mwccarm\2.0\sp2p2\mwccarm.exe" -O2 -enum int -char signed -str noreuse -proc arm946e -gccext,on -fp soft -inline noauto -lang=c++ -Cpp_exceptions off -RTTI off -interworking -w off -sym on -gccinc -nolink -msgstyle gcc -str pool,reuse -i include -lang=c++ -d usa -MD -c src\Graphics\VRAMImageReset.cpp -o build\usa\src\Graphics
[42/164] ".\tools\mwccarm\2.0\sp2p2\mwccarm.exe" -O2 -enum int -char signed -str noreuse -proc arm946e -gccext,on -fp soft -inline noauto -lang=c++ -Cpp_exceptions off -RTTI off -interworking -w off -sym on -gccinc -nolink -msgstyle gcc -str pool,reuse -i include -lang=c++ -d usa -MD -c src\Graphics\VRAMPaletteAllocation.cpp -o build\usa\src\Graphics
[43/164] ".\tools\mwccarm\2.0\sp2p2\mwccarm.exe" -O2 -enum int -char signed -str noreuse -proc arm946e -gccext,on -fp soft -inline noauto -lang=c++ -Cpp_exceptions off -RTTI off -interworking -w off -sym on -gccinc -nolink -msgstyle gcc -str pool,reuse -i include -lang=c++ -d usa -MD -c src\Graphics\AtmosphericEffect.cpp -o build\usa\src\Graphics
[44/164] ".\tools\mwccarm\2.0\sp2p2\mwccarm.exe" -O2 -enum int -char signed -str noreuse -proc arm946e -gccext,on -fp soft -inline noauto -lang=c++ -Cpp_exceptions off -RTTI off -interworking -w off -sym on -gccinc -nolink -msgstyle gcc -str pool,reuse -i include -lang=c++ -d usa -MD -c src\Graphics\Model3D.cpp -o build\usa\src\Graphics
[45/164] ".\tools\mwccarm\2.0\sp2p2\mwccarm.exe" -O2 -enum int -char signed -str noreuse -proc arm946e -gccext,on -fp soft -inline noauto -lang=c++ -Cpp_exceptions off -RTTI off -interworking -w off -sym on -gccinc -nolink -msgstyle gcc -str pool,reuse -i include -lang=c++ -d usa -MD -c src\Graphics\VRAMImageState.cpp -o build\usa\src\Graphics
[46/164] ".\tools\mwccarm\2.0\sp2p2\mwccarm.exe" -O2 -enum int -char signed -str noreuse -proc arm946e -gccext,on -fp soft -inline noauto -lang=c++ -Cpp_exceptions off -RTTI off -interworking -w off -sym on -gccinc -nolink -msgstyle gcc -str pool,reuse -i include -lang=c++ -d usa -MD -c src\Graphics\VRAMStaging.cpp -o build\usa\src\Graphics
[47/164] ".\tools\mwccarm\2.0\sp2p2\mwccarm.exe" -O2 -enum int -char signed -str noreuse -proc arm946e -gccext,on -fp soft -inline noauto -lang=c++ -Cpp_exceptions off -RTTI off -interworking -w off -sym on -gccinc -nolink -msgstyle gcc -str pool,reuse -i include -lang=c++ -d usa -MD -c src\Graphics\NSBXX\Animation.cpp -o build\usa\src\Graphics\NSBXX
[48/164] ".\tools\mwccarm\2.0\sp2p2\mwccarm.exe" -O2 -enum int -char signed -str noreuse -proc arm946e -gccext,on -fp soft -inline noauto -lang=c++ -Cpp_exceptions off -RTTI off -interworking -w off -sym on -gccinc -nolink -msgstyle gcc -str pool,reuse -i include -lang=c++ -d usa -MD -c src\Graphics\NSBXX\AnimationProcessing.cpp -o build\usa\src\Graphics\NSBXX
[49/164] ".\tools\mwccarm\2.0\sp2p2\mwccarm.exe" -O2 -enum int -char signed -str noreuse -proc arm946e -gccext,on -fp soft -inline noauto -lang=c++ -Cpp_exceptions off -RTTI off -interworking -w off -sym on -gccinc -nolink -msgstyle gcc -str pool,reuse -i include -lang=c++ -d usa -MD -c src\Graphics\itcm\VRAMStagingITCM.cpp -o build\usa\src\Graphics\itcm
[50/164] ".\tools\mwccarm\2.0\sp2p2\mwccarm.exe" -O2 -enum int -char signed -str noreuse -proc arm946e -gccext,on -fp soft -inline noauto -lang=c++ -Cpp_exceptions off -RTTI off -interworking -w off -sym on -gccinc -nolink -msgstyle gcc -str pool,reuse -i include -lang=c++ -d usa -MD -c src\Graphics\NSBXX\NameList.cpp -o build\usa\src\Graphics\NSBXX
[51/164] ".\tools\mwccarm\2.0\sp2p2\mwccarm.exe" -O2 -enum int -char signed -str noreuse -proc arm946e -gccext,on -fp soft -inline noauto -lang=c++ -Cpp_exceptions off -RTTI off -interworking -w off -sym on -gccinc -nolink -msgstyle gcc -str pool,reuse -i include -lang=c++ -d usa -MD -c src\Graphics\NSBXX\MAT.cpp -o build\usa\src\Graphics\NSBXX
[52/164] ".\tools\mwccarm\2.0\sp2p2\mwccarm.exe" -O2 -enum int -char signed -str noreuse -proc arm946e -gccext,on -fp soft -inline noauto -lang=c++ -Cpp_exceptions off -RTTI off -interworking -w off -sym on -gccinc -nolink -msgstyle gcc -str pool,reuse -i include -lang=c++ -d usa -MD -c src\Graphics\NSBXX\MAM.cpp -o build\usa\src\Graphics\NSBXX
[53/164] ".\tools\mwccarm\2.0\sp2p2\mwccarm.exe" -O2 -enum int -char signed -str noreuse -proc arm946e -gccext,on -fp soft -inline noauto -lang=c++ -Cpp_exceptions off -RTTI off -interworking -w off -sym on -gccinc -nolink -msgstyle gcc -str pool,reuse -i include -lang=c++ -d usa -MD -c src\Graphics\NSBXX\NSBXX.cpp -o build\usa\src\Graphics\NSBXX
[54/164] ".\tools\mwccarm\2.0\sp2p2\mwccarm.exe" -O2 -enum int -char signed -str noreuse -proc arm946e -gccext,on -fp soft -inline noauto -lang=c++ -Cpp_exceptions off -RTTI off -interworking -w off -sym on -gccinc -nolink -msgstyle gcc -str pool,reuse -i include -lang=c++ -d usa -MD -c src\Graphics\NSBXX\GeometryFifo.cpp -o build\usa\src\Graphics\NSBXX
[55/164] ".\tools\mwccarm\2.0\sp2p2\mwccarm.exe" -O2 -enum int -char signed -str noreuse -proc arm946e -gccext,on -fp soft -inline noauto -lang=c++ -Cpp_exceptions off -RTTI off -interworking -w off -sym on -gccinc -nolink -msgstyle gcc -str pool,reuse -i include -lang=c++ -d usa -MD -c src\Graphics\NSBXX\MPT.cpp -o build\usa\src\Graphics\NSBXX
[56/164] ".\tools\mwccarm\2.0\sp2p2\mwccarm.exe" -O2 -enum int -char signed -str noreuse -proc arm946e -gccext,on -fp soft -inline noauto -lang=c++ -Cpp_exceptions off -RTTI off -interworking -w off -sym on -gccinc -nolink -msgstyle gcc -str pool,reuse -i include -lang=c++ -d usa -MD -c src\Graphics\NSBXX\PatternAnimation.cpp -o build\usa\src\Graphics\NSBXX
[57/164] ".\tools\mwccarm\2.0\sp2p2\mwccarm.exe" -O2 -enum int -char signed -str noreuse -proc arm946e -gccext,on -fp soft -inline noauto -lang=c++ -Cpp_exceptions off -RTTI off -interworking -w off -sym on -gccinc -nolink -msgstyle gcc -str pool,reuse -i include -lang=c++ -d usa -MD -c src\Graphics\NSBXX\JAC.cpp -o build\usa\src\Graphics\NSBXX
[58/164] ".\tools\mwccarm\2.0\sp2p2\mwccarm.exe" -O2 -enum int -char signed -str noreuse -proc arm946e -gccext,on -fp soft -inline noauto -lang=c++ -Cpp_exceptions off -RTTI off -interworking -w off -sym on -gccinc -nolink -msgstyle gcc -str pool,reuse -i include -lang=c++ -d usa -MD -c src\Graphics\NSBXX\RenderConfig.cpp -o build\usa\src\Graphics\NSBXX
[59/164] ".\tools\mwccarm\2.0\sp2p2\mwccarm.exe" -O2 -enum int -char signed -str noreuse -proc arm946e -gccext,on -fp soft -inline noauto -lang=c++ -Cpp_exceptions off -RTTI off -interworking -w off -sym on -gccinc -nolink -msgstyle gcc -str pool,reuse -i include -lang=c++ -d usa -MD -c src\Graphics\NSBXX\VAV.cpp -o build\usa\src\Graphics\NSBXX
[60/164] ".\tools\mwccarm\2.0\sp2p2\mwccarm.exe" -O2 -enum int -char signed -str noreuse -proc arm946e -gccext,on -fp soft -inline noauto -lang=c++ -Cpp_exceptions off -RTTI off -interworking -w off -sym on -gccinc -nolink -msgstyle gcc -str pool,reuse -i include -lang=c++ -d usa -MD -c src\Graphics\NSBXX\RenderCommands_10_13.cpp -o build\usa\src\Graphics\NSBXX
[61/164] ".\tools\mwccarm\2.0\sp2p2\mwccarm.exe" -O2 -enum int -char signed -str noreuse -proc arm946e -gccext,on -fp soft -inline noauto -lang=c++ -Cpp_exceptions off -RTTI off -interworking -w off -sym on -gccinc -nolink -msgstyle gcc -str pool,reuse -i include -lang=c++ -d usa -MD -c src\Graphics\NSBXX\RenderCommandProcs.cpp -o build\usa\src\Graphics\NSBXX
[62/164] ".\tools\mwccarm\2.0\sp2p2\mwccarm.exe" -O2 -enum int -char signed -str noreuse -proc arm946e -gccext,on -fp soft -inline noauto -lang=c++ -Cpp_exceptions off -RTTI off -interworking -w off -sym on -gccinc -nolink -msgstyle gcc -str pool,reuse -i include -lang=c++ -d usa -MD -c src\Graphics\LightingManager.cpp -o build\usa\src\Graphics
[63/164] ".\tools\mwccarm\2.0\sp2p2\mwccarm.exe" -O2 -enum int -char signed -str noreuse -proc arm946e -gccext,on -fp soft -inline noauto -lang=c++ -Cpp_exceptions off -RTTI off -interworking -w off -sym on -gccinc -nolink -msgstyle gcc -str pool,reuse -i include -lang=c++ -d usa -MD -c src\Graphics\NSBXX\RenderCommand_9.cpp -o build\usa\src\Graphics\NSBXX
[64/164] ".\tools\mwccarm\2.0\sp2p2\mwccarm.exe" -O2 -enum int -char signed -str noreuse -proc arm946e -gccext,on -fp soft -inline noauto -lang=c++ -Cpp_exceptions off -RTTI off -interworking -w off -sym on -gccinc -nolink -msgstyle gcc -str pool,reuse -i include -lang=c++ -d usa -MD -c src\Graphics\NSBXX\TEX.cpp -o build\usa\src\Graphics\NSBXX
[65/164] ".\tools\mwccarm\2.0\sp2p2\mwccarm.exe" -O2 -enum int -char signed -str noreuse -proc arm946e -gccext,on -fp soft -inline noauto -lang=c++ -Cpp_exceptions off -RTTI off -interworking -w off -sym on -gccinc -nolink -msgstyle gcc -str pool,reuse -i include -lang=c++ -d usa -MD -c src\Grotto\Main\ActiveGrottoClass_2.cpp -o build\usa\src\Grotto\Main
[66/164] ".\tools\mwccarm\2.0\sp2p2\mwccarm.exe" -O2 -enum int -char signed -str noreuse -proc arm946e -gccext,on -fp soft -inline noauto -lang=c++ -Cpp_exceptions off -RTTI off -interworking -w off -sym on -gccinc -nolink -msgstyle gcc -str pool,reuse -i include -lang=c++ -d usa -MD -c src\Grotto\Main\FloorMap.cpp -o build\usa\src\Grotto\Main
[67/164] ".\tools\mwccarm\2.0\sp2p2\mwccarm.exe" -O2 -enum int -char signed -str noreuse -proc arm946e -gccext,on -fp soft -inline noauto -lang=c++ -Cpp_exceptions off -RTTI off -interworking -w off -sym on -gccinc -nolink -msgstyle gcc -str pool,reuse -i include -lang=c++ -d usa -MD -c src\Graphics\NSBXX\RenderCommands.cpp -o build\usa\src\Graphics\NSBXX
[68/164] ".\tools\mwccarm\2.0\sp2p2\mwccarm.exe" -O2 -enum int -char signed -str noreuse -proc arm946e -gccext,on -fp soft -inline noauto -lang=c++ -Cpp_exceptions off -RTTI off -interworking -w off -sym on -gccinc -nolink -msgstyle gcc -str pool,reuse -i include -lang=c++ -d usa -MD -c src\Grotto\Main\ActiveGrottoClass.cpp -o build\usa\src\Grotto\Main
[69/164] ".\tools\mwccarm\2.0\sp2p2\mwccarm.exe" -O2 -enum int -char signed -str noreuse -proc arm946e -gccext,on -fp soft -inline noauto -lang=c++ -Cpp_exceptions off -RTTI off -interworking -w off -sym on -gccinc -nolink -msgstyle gcc -str pool,reuse -i include -lang=c++ -d usa -MD -c src\Grotto\Main\GrottoStruct.cpp -o build\usa\src\Grotto\Main
[70/164] ".\tools\mwccarm\2.0\sp2p2\mwccarm.exe" -O2 -enum int -char signed -str noreuse -proc arm946e -gccext,on -fp soft -inline noauto -lang=c++ -Cpp_exceptions off -RTTI off -interworking -w off -sym on -gccinc -nolink -msgstyle gcc -str pool,reuse -i include -lang=c++ -d usa -MD -c src\Memory\AllocatorTypes.cpp -o build\usa\src\Memory
[71/164] ".\tools\mwccarm\2.0\sp2p2\mwccarm.exe" -O2 -enum int -char signed -str noreuse -proc arm946e -gccext,on -fp soft -inline noauto -lang=c++ -Cpp_exceptions off -RTTI off -interworking -w off -sym on -gccinc -nolink -msgstyle gcc -str pool,reuse -i include -lang=c++ -d usa -MD -c src\Grotto\Main\TileFeatures.cpp -o build\usa\src\Grotto\Main
[72/164] ".\tools\mwccarm\2.0\sp2p2\mwccarm.exe" -O2 -enum int -char signed -str noreuse -proc arm946e -gccext,on -fp soft -inline noauto -lang=c++ -Cpp_exceptions off -RTTI off -interworking -w off -sym on -gccinc -nolink -msgstyle gcc -str pool,reuse -i include -lang=c++ -d usa -MD -c src\Grotto\Main\GrottoNameDataFile.cpp -o build\usa\src\Grotto\Main
[73/164] ".\tools\mwccarm\2.0\sp2p2\mwccarm.exe" -O2 -enum int -char signed -str noreuse -proc arm946e -gccext,on -fp soft -inline noauto -lang=c++ -Cpp_exceptions off -RTTI off -interworking -w off -sym on -gccinc -nolink -msgstyle gcc -str pool,reuse -i include -lang=c++ -d usa -MD -c src\Memory\Arena.cpp -o build\usa\src\Memory
[74/164] ".\tools\mwccarm\2.0\sp2p2\mwccarm.exe" -O2 -enum int -char signed -str noreuse -proc arm946e -gccext,on -fp soft -inline noauto -lang=c++ -Cpp_exceptions off -RTTI off -interworking -w off -sym on -gccinc -nolink -msgstyle gcc -str pool,reuse -i include -lang=c++ -d usa -MD -c src\Grotto\Main\TreasureMapDataStructs.cpp -o build\usa\src\Grotto\Main
[75/164] ".\tools\mwccarm\2.0\sp2p2\mwccarm.exe" -O2 -enum int -char signed -str noreuse -proc arm946e -gccext,on -fp soft -inline noauto -lang=c++ -Cpp_exceptions off -RTTI off -interworking -w off -sym on -gccinc -nolink -msgstyle gcc -str pool,reuse -i include -lang=c++ -d usa -MD -c src\Memory\ArenaBoundsGet.cpp -o build\usa\src\Memory
[76/164] ".\tools\mwccarm\2.0\sp2p2\mwccarm.exe" -O2 -enum int -char signed -str noreuse -proc arm946e -gccext,on -fp soft -inline noauto -lang=c++ -Cpp_exceptions off -RTTI off -interworking -w off -sym on -gccinc -nolink -msgstyle gcc -str pool,reuse -i include -lang=c++ -d usa -MD -c src\Grotto\Main\GenerateObjectPosition.cpp -o build\usa\src\Grotto\Main
[77/164] ".\tools\mwccarm\2.0\sp2p2\mwccarm.exe" -O2 -enum int -char signed -str noreuse -proc arm946e -gccext,on -fp soft -inline noauto -lang=c++ -Cpp_exceptions off -RTTI off -interworking -w off -sym on -gccinc -nolink -msgstyle gcc -str pool,reuse -i include -lang=c++ -d usa -MD -c src\Memory\AllocatorUnion.cpp -o build\usa\src\Memory
[78/164] ".\tools\mwccarm\2.0\sp2p2\mwccarm.exe" -O2 -enum int -char signed -str noreuse -proc arm946e -gccext,on -fp soft -inline noauto -lang=c++ -Cpp_exceptions off -RTTI off -interworking -w off -sym on -gccinc -nolink -msgstyle gcc -str pool,reuse -i include -lang=c++ -d usa -MD -c src\Memory\ArenaHeap.cpp -o build\usa\src\Memory
[79/164] ".\tools\mwccarm\2.0\sp2p2\mwccarm.exe" -O2 -enum int -char signed -str noreuse -proc arm946e -gccext,on -fp soft -inline noauto -lang=c++ -Cpp_exceptions off -RTTI off -interworking -w off -sym on -gccinc -nolink -msgstyle gcc -str pool,reuse -i include -lang=c++ -d usa -MD -c src\Grotto\Main\TreasureMapMetadata.cpp -o build\usa\src\Grotto\Main
[80/164] ".\tools\mwccarm\2.0\sp2p2\mwccarm.exe" -O2 -enum int -char signed -str noreuse -proc arm946e -gccext,on -fp soft -inline noauto -lang=c++ -Cpp_exceptions off -RTTI off -interworking -w off -sym on -gccinc -nolink -msgstyle gcc -str pool,reuse -i include -lang=c++ -d usa -MD -c src\Memory\ArenaInitialHigh.cpp -o build\usa\src\Memory
[81/164] ".\tools\mwccarm\2.0\sp2p2\mwccarm.exe" -O2 -enum int -char signed -str noreuse -proc arm946e -gccext,on -fp soft -inline noauto -lang=c++ -Cpp_exceptions off -RTTI off -interworking -w off -sym on -gccinc -nolink -msgstyle gcc -str pool,reuse -i include -lang=c++ -d usa -MD -c src\Memory\ArenaExtendedInit.cpp -o build\usa\src\Memory
[82/164] ".\tools\mwccarm\2.0\sp2p2\mwccarm.exe" -O2 -enum int -char signed -str noreuse -proc arm946e -gccext,on -fp soft -inline noauto -lang=c++ -Cpp_exceptions off -RTTI off -interworking -w off -sym on -gccinc -nolink -msgstyle gcc -str pool,reuse -i include -lang=c++ -d usa -MD -c src\Memory\ArenaInit.cpp -o build\usa\src\Memory
[83/164] ".\tools\mwccarm\2.0\sp2p2\mwccarm.exe" -O2 -enum int -char signed -str noreuse -proc arm946e -gccext,on -fp soft -inline noauto -lang=c++ -Cpp_exceptions off -RTTI off -interworking -w off -sym on -gccinc -nolink -msgstyle gcc -str pool,reuse -i include -lang=c++ -d usa -MD -c src\Memory\ArenaAllocate.cpp -o build\usa\src\Memory
[84/164] ".\tools\mwccarm\2.0\sp2p2\mwccarm.exe" -O2 -enum int -char signed -str noreuse -proc arm946e -gccext,on -fp soft -inline noauto -lang=c++ -Cpp_exceptions off -RTTI off -interworking -w off -sym on -gccinc -nolink -msgstyle gcc -str pool,reuse -i include -lang=c++ -d usa -MD -c src\Memory\ArenaInitialLow.cpp -o build\usa\src\Memory
[85/164] ".\tools\mwccarm\2.0\sp2p2\mwccarm.exe" -O2 -enum int -char signed -str noreuse -proc arm946e -gccext,on -fp soft -inline noauto -lang=c++ -Cpp_exceptions off -RTTI off -interworking -w off -sym on -gccinc -nolink -msgstyle gcc -str pool,reuse -i include -lang=c++ -d usa -MD -c src\Memory\HMRFAllocator.cpp -o build\usa\src\Memory
[86/164] ".\tools\mwccarm\2.0\sp2p2\mwccarm.exe" -O2 -enum int -char signed -str noreuse -proc arm946e -gccext,on -fp soft -inline noauto -lang=c++ -Cpp_exceptions off -RTTI off -interworking -w off -sym on -gccinc -nolink -msgstyle gcc -str pool,reuse -i include -lang=c++ -d usa -MD -c src\System\FixedPointAtanTables.cpp -o build\usa\src\System
[87/164] ".\tools\mwccarm\2.0\sp2p2\mwccarm.exe" -O2 -enum int -char signed -str noreuse -proc arm946e -gccext,on -fp soft -inline noauto -lang=c++ -Cpp_exceptions off -RTTI off -interworking -w off -sym on -gccinc -nolink -msgstyle gcc -str pool,reuse -i include -lang=c++ -d usa -MD -c src\Grotto\Main\FloorMapGenerator.cpp -o build\usa\src\Grotto\Main
[88/164] ".\tools\mwccarm\2.0\sp2p2\mwccarm.exe" -O2 -enum int -char signed -str noreuse -proc arm946e -gccext,on -fp soft -inline noauto -lang=c++ -Cpp_exceptions off -RTTI off -interworking -w off -sym on -gccinc -nolink -msgstyle gcc -str pool,reuse -i include -lang=c++ -d usa -MD -c src\Grotto\Main\DetailedTreasureMapData.cpp -o build\usa\src\Grotto\Main
[89/164] ".\tools\mwccarm\2.0\sp2p2\mwccarm.exe" -O2 -enum int -char signed -str noreuse -proc arm946e -gccext,on -fp soft -inline noauto -lang=c++ -Cpp_exceptions off -RTTI off -interworking -w off -sym on -gccinc -nolink -msgstyle gcc -str pool,reuse -i include -lang=c++ -d usa -MD -c src\Memory\UnusedSignedAllocator.cpp -o build\usa\src\Memory
[90/164] ".\tools\mwccarm\2.0\sp2p2\mwccarm.exe" -O2 -enum int -char signed -str noreuse -proc arm946e -gccext,on -fp soft -inline noauto -lang=c++ -Cpp_exceptions off -RTTI off -interworking -w off -sym on -gccinc -nolink -msgstyle gcc -str pool,reuse -i include -lang=c++ -d usa -MD -c src\Memory\SafeAllocator.cpp -o build\usa\src\Memory
[91/164] ".\tools\mwccarm\2.0\sp2p2\mwccarm.exe" -O2 -enum int -char signed -str noreuse -proc arm946e -gccext,on -fp soft -inline noauto -lang=c++ -Cpp_exceptions off -RTTI off -interworking -w off -sym on -gccinc -nolink -msgstyle gcc -str pool,reuse -i include -lang=c++ -d usa -MD -c src\Resource\ResourceMutex.cpp -o build\usa\src\Resource
[92/164] ".\tools\mwccarm\2.0\sp2p2\mwccarm.exe" -O2 -enum int -char signed -str noreuse -proc arm946e -gccext,on -fp soft -inline noauto -lang=c++ -Cpp_exceptions off -RTTI off -interworking -w off -sym on -gccinc -nolink -msgstyle gcc -str pool,reuse -i include -lang=c++ -d usa -MD -c src\Memory\SignedAllocator.cpp -o build\usa\src\Memory
[93/164] ".\tools\mwccarm\2.0\sp2p2\mwccarm.exe" -O2 -enum int -char signed -str noreuse -proc arm946e -gccext,on -fp soft -inline noauto -lang=c++ -Cpp_exceptions off -RTTI off -interworking -w off -sym on -gccinc -nolink -msgstyle gcc -str pool,reuse -i include -lang=c++ -d usa -MD -c src\Memory\HPXEAllocator.cpp -o build\usa\src\Memory
[94/164] ".\tools\mwccarm\2.0\sp2p2\mwccarm.exe" -O2 -enum int -char signed -str noreuse -proc arm946e -gccext,on -fp soft -inline noauto -lang=c++ -Cpp_exceptions off -RTTI off -interworking -w off -sym on -gccinc -nolink -msgstyle gcc -str pool,reuse -i include -lang=c++ -d usa -MD -c src\Resource\Script.cpp -o build\usa\src\Resource
[95/164] ".\tools\mwccarm\2.0\sp2p2\mwccarm.exe" -O2 -enum int -char signed -str noreuse -proc arm946e -gccext,on -fp soft -inline noauto -lang=c++ -Cpp_exceptions off -RTTI off -interworking -w off -sym on -gccinc -nolink -msgstyle gcc -str pool,reuse -i include -lang=c++ -d usa -MD -c src\System\GamecardBusOwnership.cpp -o build\usa\src\System
[96/164] ".\tools\mwccarm\2.0\sp2p2\mwccarm.exe" -O2 -enum int -char signed -str noreuse -proc arm946e -gccext,on -fp soft -inline noauto -lang=c++ -Cpp_exceptions off -RTTI off -interworking -w off -sym on -gccinc -nolink -msgstyle gcc -str pool,reuse -i include -lang=c++ -d usa -MD -c src\Resource\BCFG.cpp -o build\usa\src\Resource
[97/164] ".\tools\mwccarm\2.0\sp2p2\mwccarm.exe" -O2 -enum int -char signed -str noreuse -proc arm946e -gccext,on -fp soft -inline noauto -lang=c++ -Cpp_exceptions off -RTTI off -interworking -w off -sym on -gccinc -nolink -msgstyle gcc -str pool,reuse -i include -lang=c++ -d usa -MD -c src\System\ConsoleType.cpp -o build\usa\src\System
[98/164] ".\tools\mwccarm\2.0\sp2p2\mwccarm.exe" -O2 -enum int -char signed -str noreuse -proc arm946e -gccext,on -fp soft -inline noauto -lang=c++ -Cpp_exceptions off -RTTI off -interworking -w off -sym on -gccinc -nolink -msgstyle gcc -str pool,reuse -i include -lang=c++ -d usa -MD -c src\Resource\Brightness.cpp -o build\usa\src\Resource
[99/164] ".\tools\mwccarm\2.0\sp2p2\mwccarm.exe" -O2 -enum int -char signed -str noreuse -proc arm946e -gccext,on -fp soft -inline noauto -lang=c++ -Cpp_exceptions off -RTTI off -interworking -w off -sym on -gccinc -nolink -msgstyle gcc -str pool,reuse -i include -lang=c++ -d usa -MD -c src\System\InterruptEnableDisable.cpp -o build\usa\src\System
[100/164] ".\tools\mwccarm\2.0\sp2p2\mwccarm.exe" -O2 -enum int -char signed -str noreuse -proc arm946e -gccext,on -fp soft -inline noauto -lang=c++ -Cpp_exceptions off -RTTI off -interworking -w off -sym on -gccinc -nolink -msgstyle gcc -str pool,reuse -i include -lang=c++ -d usa -MD -c src\System\BGBases.cpp -o build\usa\src\System
[101/164] ".\tools\mwccarm\2.0\sp2p2\mwccarm.exe" -O2 -enum int -char signed -str noreuse -proc arm946e -gccext,on -fp soft -inline noauto -lang=c++ -Cpp_exceptions off -RTTI off -interworking -w off -sym on -gccinc -nolink -msgstyle gcc -str pool,reuse -i include -lang=c++ -d usa -MD -c src\System\Cache.cpp -o build\usa\src\System
[102/164] ".\tools\mwccarm\2.0\sp2p2\mwccarm.exe" -O2 -enum int -char signed -str noreuse -proc arm946e -gccext,on -fp soft -inline noauto -lang=c++ -Cpp_exceptions off -RTTI off -interworking -w off -sym on -gccinc -nolink -msgstyle gcc -str pool,reuse -i include -lang=c++ -d usa -MD -c src\System\InterruptHandler.cpp -o build\usa\src\System
[103/164] ".\tools\mwccarm\2.0\sp2p2\mwccarm.exe" -O2 -enum int -char signed -str noreuse -proc arm946e -gccext,on -fp soft -inline noauto -lang=c++ -Cpp_exceptions off -RTTI off -interworking -w off -sym on -gccinc -nolink -msgstyle gcc -str pool,reuse -i include -lang=c++ -d usa -MD -c src\System\IPC.cpp -o build\usa\src\System
[104/164] ".\tools\mwccarm\2.0\sp2p2\mwccarm.exe" -O2 -enum int -char signed -str noreuse -proc arm946e -gccext,on -fp soft -inline noauto -lang=c++ -Cpp_exceptions off -RTTI off -interworking -w off -sym on -gccinc -nolink -msgstyle gcc -str pool,reuse -i include -lang=c++ -d usa -MD -c src\System\ContextList.cpp -o build\usa\src\System
[105/164] ".\tools\mwccarm\2.0\sp2p2\mwccarm.exe" -O2 -enum int -char signed -str noreuse -proc arm946e -gccext,on -fp soft -inline noauto -lang=c++ -Cpp_exceptions off -RTTI off -interworking -w off -sym on -gccinc -nolink -msgstyle gcc -str pool,reuse -i include -lang=c++ -d usa -MD -c src\System\LoadToVRAM.cpp -o build\usa\src\System
[106/164] ".\tools\mwccarm\2.0\sp2p2\mwccarm.exe" -O2 -enum int -char signed -str noreuse -proc arm946e -gccext,on -fp soft -inline noauto -lang=c++ -Cpp_exceptions off -RTTI off -interworking -w off -sym on -gccinc -nolink -msgstyle gcc -str pool,reuse -i include -lang=c++ -d usa -MD -c src\System\FixedPointAtan2.cpp -o build\usa\src\System
[107/164] ".\tools\mwccarm\2.0\sp2p2\mwccarm.exe" -O2 -enum int -char signed -str noreuse -proc arm946e -gccext,on -fp soft -inline noauto -lang=c++ -Cpp_exceptions off -RTTI off -interworking -w off -sym on -gccinc -nolink -msgstyle gcc -str pool,reuse -i include -lang=c++ -d usa -MD -c src\System\CPSRInterruptState.cpp -o build\usa\src\System
[108/164] ".\tools\mwccarm\2.0\sp2p2\mwccarm.exe" -O2 -enum int -char signed -str noreuse -proc arm946e -gccext,on -fp soft -inline noauto -lang=c++ -Cpp_exceptions off -RTTI off -interworking -w off -sym on -gccinc -nolink -msgstyle gcc -str pool,reuse -i include -lang=c++ -d usa -MD -c src\System\DMA.cpp -o build\usa\src\System
[109/164] ".\tools\mwccarm\2.0\sp2p2\mwccarm.exe" -O2 -enum int -char signed -str noreuse -proc arm946e -gccext,on -fp soft -inline noauto -lang=c++ -Cpp_exceptions off -RTTI off -interworking -w off -sym on -gccinc -nolink -msgstyle gcc -str pool,reuse -i include -lang=c++ -d usa -MD -c src\System\ColorEffects.cpp -o build\usa\src\System
[110/164] ".\tools\mwccarm\2.0\sp2p2\mwccarm.exe" -O2 -enum int -char signed -str noreuse -proc arm946e -gccext,on -fp soft -inline noauto -lang=c++ -Cpp_exceptions off -RTTI off -interworking -w off -sym on -gccinc -nolink -msgstyle gcc -str pool,reuse -i include -lang=c++ -d usa -MD -c src\System\Matrix3Scale.cpp -o build\usa\src\System
[111/164] ".\tools\mwccarm\2.0\sp2p2\mwccarm.exe" -O2 -enum int -char signed -str noreuse -proc arm946e -gccext,on -fp soft -inline noauto -lang=c++ -Cpp_exceptions off -RTTI off -interworking -w off -sym on -gccinc -nolink -msgstyle gcc -str pool,reuse -i include -lang=c++ -d usa -MD -c src\System\Matrix3Transform.cpp -o build\usa\src\System
[112/164] ".\tools\mwccarm\2.0\sp2p2\mwccarm.exe" -O2 -enum int -char signed -str noreuse -proc arm946e -gccext,on -fp soft -inline noauto -lang=c++ -Cpp_exceptions off -RTTI off -interworking -w off -sym on -gccinc -nolink -msgstyle gcc -str pool,reuse -i include -lang=c++ -d usa -MD -c src\System\Matrix4Scale.cpp -o build\usa\src\System
[113/164] ".\tools\mwccarm\2.0\sp2p2\mwccarm.exe" -O2 -enum int -char signed -str noreuse -proc arm946e -gccext,on -fp soft -inline noauto -lang=c++ -Cpp_exceptions off -RTTI off -interworking -w off -sym on -gccinc -nolink -msgstyle gcc -str pool,reuse -i include -lang=c++ -d usa -MD -c src\System\Matrix4Transform.cpp -o build\usa\src\System
[114/164] ".\tools\mwccarm\2.0\sp2p2\mwccarm.exe" -O2 -enum int -char signed -str noreuse -proc arm946e -gccext,on -fp soft -inline noauto -lang=c++ -Cpp_exceptions off -RTTI off -interworking -w off -sym on -gccinc -nolink -msgstyle gcc -str pool,reuse -i include -lang=c++ -d usa -MD -c src\System\Matrix4Translation.cpp -o build\usa\src\System
[115/164] ".\tools\mwccarm\2.0\sp2p2\mwccarm.exe" -O2 -enum int -char signed -str noreuse -proc arm946e -gccext,on -fp soft -inline noauto -lang=c++ -Cpp_exceptions off -RTTI off -interworking -w off -sym on -gccinc -nolink -msgstyle gcc -str pool,reuse -i include -lang=c++ -d usa -MD -c src\System\FixedPointMath.cpp -o build\usa\src\System
[116/164] ".\tools\mwccarm\2.0\sp2p2\mwccarm.exe" -O2 -enum int -char signed -str noreuse -proc arm946e -gccext,on -fp soft -inline noauto -lang=c++ -Cpp_exceptions off -RTTI off -interworking -w off -sym on -gccinc -nolink -msgstyle gcc -str pool,reuse -i include -lang=c++ -d usa -MD -c src\System\MatrixOrthographic.cpp -o build\usa\src\System
[117/164] ".\tools\mwccarm\2.0\sp2p2\mwccarm.exe" -O2 -enum int -char signed -str noreuse -proc arm946e -gccext,on -fp soft -inline noauto -lang=c++ -Cpp_exceptions off -RTTI off -interworking -w off -sym on -gccinc -nolink -msgstyle gcc -str pool,reuse -i include -lang=c++ -d usa -MD -c src\System\MatrixPerspective.cpp -o build\usa\src\System
[118/164] ".\tools\mwccarm\2.0\sp2p2\mwccarm.exe" -O2 -enum int -char signed -str noreuse -proc arm946e -gccext,on -fp soft -inline noauto -lang=c++ -Cpp_exceptions off -RTTI off -interworking -w off -sym on -gccinc -nolink -msgstyle gcc -str pool,reuse -i include -lang=c++ -d usa -MD -c src\System\MatrixView.cpp -o build\usa\src\System
[119/164] ".\tools\mwccarm\2.0\sp2p2\mwccarm.exe" -O2 -enum int -char signed -str noreuse -proc arm946e -gccext,on -fp soft -inline noauto -lang=c++ -Cpp_exceptions off -RTTI off -interworking -w off -sym on -gccinc -nolink -msgstyle gcc -str pool,reuse -i include -lang=c++ -d usa -MD -c src\System\Mutex.cpp -o build\usa\src\System
[120/164] ".\tools\mwccarm\2.0\sp2p2\mwccarm.exe" -O2 -enum int -char signed -str noreuse -proc arm946e -gccext,on -fp soft -inline noauto -lang=c++ -Cpp_exceptions off -RTTI off -interworking -w off -sym on -gccinc -nolink -msgstyle gcc -str pool,reuse -i include -lang=c++ -d usa -MD -c src\System\ProcessorContext.cpp -o build\usa\src\System
[121/164] ".\tools\mwccarm\2.0\sp2p2\mwccarm.exe" -O2 -enum int -char signed -str noreuse -proc arm946e -gccext,on -fp soft -inline noauto -lang=c++ -Cpp_exceptions off -RTTI off -interworking -w off -sym on -gccinc -nolink -msgstyle gcc -str pool,reuse -i include -lang=c++ -d usa -MD -c src\System\RuntimeRandom.cpp -o build\usa\src\System
[122/164] ".\tools\mwccarm\2.0\sp2p2\mwccarm.exe" -O2 -enum int -char signed -str noreuse -proc arm946e -gccext,on -fp soft -inline noauto -lang=c++ -Cpp_exceptions off -RTTI off -interworking -w off -sym on -gccinc -nolink -msgstyle gcc -str pool,reuse -i include -lang=c++ -d usa -MD -c src\System\SceneOverlays.cpp -o build\usa\src\System
[123/164] ".\tools\mwccarm\2.0\sp2p2\mwccarm.exe" -O2 -enum int -char signed -str noreuse -proc arm946e -gccext,on -fp soft -inline noauto -lang=c++ -Cpp_exceptions off -RTTI off -interworking -w off -sym on -gccinc -nolink -msgstyle gcc -str pool,reuse -i include -lang=c++ -d usa -MD -c src\System\StringCopy.cpp -o build\usa\src\System
[124/164] ".\tools\mwccarm\2.0\sp2p2\mwccarm.exe" -O2 -enum int -char signed -str noreuse -proc arm946e -gccext,on -fp soft -inline noauto -lang=c++ -Cpp_exceptions off -RTTI off -interworking -w off -sym on -gccinc -nolink -msgstyle gcc -str pool,reuse -i include -lang=c++ -d usa -MD -c src\System\StringLength.cpp -o build\usa\src\System
[125/164] ".\tools\mwccarm\2.0\sp2p2\mwccarm.exe" -O2 -enum int -char signed -str noreuse -proc arm946e -gccext,on -fp soft -inline noauto -lang=c++ -Cpp_exceptions off -RTTI off -interworking -w off -sym on -gccinc -nolink -msgstyle gcc -str pool,reuse -i include -lang=c++ -d usa -MD -c src\System\StringSearch.cpp -o build\usa\src\System
[126/164] ".\tools\mwccarm\2.0\sp2p2\mwccarm.exe" -O2 -enum int -char signed -str noreuse -proc arm946e -gccext,on -fp soft -inline noauto -lang=c++ -Cpp_exceptions off -RTTI off -interworking -w off -sym on -gccinc -nolink -msgstyle gcc -str pool,reuse -i include -lang=c++ -d usa -MD -c src\System\Timing.cpp -o build\usa\src\System
[127/164] ".\tools\mwccarm\2.0\sp2p2\mwccarm.exe" -O2 -enum int -char signed -str noreuse -proc arm946e -gccext,on -fp soft -inline noauto -lang=c++ -Cpp_exceptions off -RTTI off -interworking -w off -sym on -gccinc -nolink -msgstyle gcc -str pool,reuse -i include -lang=c++ -d usa -MD -c src\System\VectorDistance.cpp -o build\usa\src\System
[128/164] ".\tools\mwccarm\2.0\sp2p2\mwccarm.exe" -O2 -enum int -char signed -str noreuse -proc arm946e -gccext,on -fp soft -inline noauto -lang=c++ -Cpp_exceptions off -RTTI off -interworking -w off -sym on -gccinc -nolink -msgstyle gcc -str pool,reuse -i include -lang=c++ -d usa -MD -c src\System\VectorMath.cpp -o build\usa\src\System
[129/164] ".\tools\mwccarm\2.0\sp2p2\mwccarm.exe" -O2 -enum int -char signed -str noreuse -proc arm946e -gccext,on -fp soft -inline noauto -lang=c++ -Cpp_exceptions off -RTTI off -interworking -w off -sym on -gccinc -nolink -msgstyle gcc -str pool,reuse -i include -lang=c++ -d usa -MD -c src\System\VRAM.cpp -o build\usa\src\System
[130/164] ".\tools\mwccarm\2.0\sp2p2\mwccarm.exe" -O2 -enum int -char signed -str noreuse -proc arm946e -gccext,on -fp soft -inline noauto -lang=c++ -Cpp_exceptions off -RTTI off -interworking -w off -sym on -gccinc -nolink -msgstyle gcc -str pool,reuse -i include -lang=c++ -d usa -MD -c src\System\itcm\DMA_ITCM.cpp -o build\usa\src\System\itcm
[131/164] ".\tools\mwccarm\2.0\sp2p2\mwccarm.exe" -O2 -enum int -char signed -str noreuse -proc arm946e -gccext,on -fp soft -inline noauto -lang=c++ -Cpp_exceptions off -RTTI off -interworking -w off -sym on -gccinc -nolink -msgstyle gcc -str pool,reuse -i include -lang=c++ -d usa -MD -c src\Util\Random.cpp -o build\usa\src\Util
[132/164] ".\tools\mwccarm\2.0\sp2p2\mwccarm.exe" -O2 -enum int -char signed -str noreuse -proc arm946e -gccext,on -fp soft -inline noauto -lang=c++ -Cpp_exceptions off -RTTI off -interworking -w off -sym on -gccinc -nolink -msgstyle gcc -str pool,reuse -i include -lang=c++ -d usa -MD -c src\World\BMDJ.cpp -o build\usa\src\World
[133/164] ".\tools\mwccarm\2.0\sp2p2\mwccarm.exe" -O2 -enum int -char signed -str noreuse -proc arm946e -gccext,on -fp soft -inline noauto -lang=c++ -Cpp_exceptions off -RTTI off -interworking -w off -sym on -gccinc -nolink -msgstyle gcc -str pool,reuse -i include -lang=c++ -d usa -MD -c src\World\BMDJAnimationRules.cpp -o build\usa\src\World
[134/164] ".\tools\mwccarm\2.0\sp2p2\mwccarm.exe" -O2 -enum int -char signed -str noreuse -proc arm946e -gccext,on -fp soft -inline noauto -lang=c++ -Cpp_exceptions off -RTTI off -interworking -w off -sym on -gccinc -nolink -msgstyle gcc -str pool,reuse -i include -lang=c++ -d usa -MD -c src\World\BMDJInstance.cpp -o build\usa\src\World
[135/164] ".\tools\mwccarm\2.0\sp2p2\mwccarm.exe" -O2 -enum int -char signed -str noreuse -proc arm946e -gccext,on -fp soft -inline noauto -lang=c++ -Cpp_exceptions off -RTTI off -interworking -w off -sym on -gccinc -nolink -msgstyle gcc -str pool,reuse -i include -lang=c++ -d usa -MD -c src\World\BMDJObjectEntry.cpp -o build\usa\src\World
[136/164] ".\tools\mwccarm\2.0\sp2p2\mwccarm.exe" -O2 -enum int -char signed -str noreuse -proc arm946e -gccext,on -fp soft -inline noauto -lang=c++ -Cpp_exceptions off -RTTI off -interworking -w off -sym on -gccinc -nolink -msgstyle gcc -str pool,reuse -i include -lang=c++ -d usa -MD -c src\World\MapListLoader.cpp -o build\usa\src\World
[137/164] ".\tools\mwccarm\2.0\sp2p2\mwccarm.exe" -O2 -enum int -char signed -str noreuse -proc arm946e -gccext,on -fp soft -inline noauto -lang=c++ -Cpp_exceptions off -RTTI off -interworking -w off -sym on -gccinc -nolink -msgstyle gcc -str pool,reuse -i include -lang=c++ -d usa -MD -c src\World\LootableContainer.cpp -o build\usa\src\World
[138/164] ".\tools\mwccarm\2.0\sp2p2\mwccarm.exe" -O2 -enum int -char signed -str noreuse -proc arm946e -gccext,on -fp soft -inline noauto -lang=c++ -Cpp_exceptions off -RTTI off -interworking -w off -sym on -gccinc -nolink -msgstyle gcc -str pool,reuse -i include -lang=c++ -d usa -MD -c src\World\Zone3DActivation.cpp -o build\usa\src\World
[139/164] ".\tools\mwccarm\2.0\sp2p2\mwccarm.exe" -O2 -enum int -char signed -str noreuse -proc arm946e -gccext,on -fp soft -inline noauto -lang=c++ -Cpp_exceptions off -RTTI off -interworking -w off -sym on -gccinc -nolink -msgstyle gcc -str pool,reuse -i include -lang=c++ -d usa -MD -c src\World\Zone3DBMDJObjects.cpp -o build\usa\src\World
[140/164] ".\tools\mwccarm\2.0\sp2p2\mwccarm.exe" -O2 -enum int -char signed -str noreuse -proc arm946e -gccext,on -fp soft -inline noauto -lang=c++ -Cpp_exceptions off -RTTI off -interworking -w off -sym on -gccinc -nolink -msgstyle gcc -str pool,reuse -i include -lang=c++ -d usa -MD -c src\World\Zone3DChestDrawing.cpp -o build\usa\src\World
[141/164] ".\tools\mwccarm\2.0\sp2p2\mwccarm.exe" -O2 -enum int -char signed -str noreuse -proc arm946e -gccext,on -fp soft -inline noauto -lang=c++ -Cpp_exceptions off -RTTI off -interworking -w off -sym on -gccinc -nolink -msgstyle gcc -str pool,reuse -i include -lang=c++ -d usa -MD -c src\World\Zone3D.cpp -o build\usa\src\World
[142/164] ".\tools\mwccarm\2.0\sp2p2\mwccarm.exe" -O2 -enum int -char signed -str noreuse -proc arm946e -gccext,on -fp soft -inline noauto -lang=c++ -Cpp_exceptions off -RTTI off -interworking -w off -sym on -gccinc -nolink -msgstyle gcc -str pool,reuse -i include -lang=c++ -d usa -MD -c src\World\Zone3DChestState.cpp -o build\usa\src\World
[143/164] ".\tools\mwccarm\2.0\sp2p2\mwccarm.exe" -O2 -enum int -char signed -str noreuse -proc arm946e -gccext,on -fp soft -inline noauto -lang=c++ -Cpp_exceptions off -RTTI off -interworking -w off -sym on -gccinc -nolink -msgstyle gcc -str pool,reuse -i include -lang=c++ -d usa -MD -c src\World\Zone3DAnimatedObjects.cpp -o build\usa\src\World
[144/164] ".\tools\mwccarm\2.0\sp2p2\mwccarm.exe" -O2 -enum int -char signed -str noreuse -proc arm946e -gccext,on -fp soft -inline noauto -lang=c++ -Cpp_exceptions off -RTTI off -interworking -w off -sym on -gccinc -nolink -msgstyle gcc -str pool,reuse -i include -lang=c++ -d usa -MD -c src\World\Zone3DAtmosphereLoading.cpp -o build\usa\src\World
[145/164] ".\tools\mwccarm\2.0\sp2p2\mwccarm.exe" -O2 -enum int -char signed -str noreuse -proc arm946e -gccext,on -fp soft -inline noauto -lang=c++ -Cpp_exceptions off -RTTI off -interworking -w off -sym on -gccinc -nolink -msgstyle gcc -str pool,reuse -i include -lang=c++ -d usa -MD -c src\World\Zone3DPaths.cpp -o build\usa\src\World
[146/164] ".\tools\mwccarm\2.0\sp2p2\mwccarm.exe" -O2 -enum int -char signed -str noreuse -proc arm946e -gccext,on -fp soft -inline noauto -lang=c++ -Cpp_exceptions off -RTTI off -interworking -w off -sym on -gccinc -nolink -msgstyle gcc -str pool,reuse -i include -lang=c++ -d usa -MD -c src\World\Zone3DCollisionLoading.cpp -o build\usa\src\World
[147/164] ".\tools\mwccarm\2.0\sp2p2\mwccarm.exe" -O2 -enum int -char signed -str noreuse -proc arm946e -gccext,on -fp soft -inline noauto -lang=c++ -Cpp_exceptions off -RTTI off -interworking -w off -sym on -gccinc -nolink -msgstyle gcc -str pool,reuse -i include -lang=c++ -d usa -MD -c src\World\ZonePredicates.cpp -o build\usa\src\World
[148/164] ".\tools\mwccarm\2.0\sp2p2\mwccarm.exe" -O2 -enum int -char signed -str noreuse -proc arm946e -gccext,on -fp soft -inline noauto -lang=c++ -Cpp_exceptions off -RTTI off -interworking -w off -sym on -gccinc -nolink -msgstyle gcc -str pool,reuse -i include -lang=c++ -d usa -MD -c src\World\Zone3DContainers.cpp -o build\usa\src\World
[149/164] ".\tools\mwccarm\2.0\sp2p2\mwccarm.exe" -O2 -enum int -char signed -str noreuse -proc arm946e -gccext,on -fp soft -inline noauto -lang=c++ -Cpp_exceptions off -RTTI off -interworking -w off -sym on -gccinc -nolink -msgstyle gcc -str pool,reuse -i include -lang=c++ -d usa -MD -c src\World\Zone3DInstanceUpdate.cpp -o build\usa\src\World
[150/164] ".\tools\mwccarm\2.0\sp2p2\mwccarm.exe" -O2 -enum int -char signed -str noreuse -proc arm946e -gccext,on -fp soft -inline noauto -lang=c++ -Cpp_exceptions off -RTTI off -interworking -w off -sym on -gccinc -nolink -msgstyle gcc -str pool,reuse -i include -lang=c++ -d usa -MD -c src\World\Zone3DUpdate.cpp -o build\usa\src\World
[151/164] ".\tools\mwccarm\2.0\sp2p2\mwccarm.exe" -O2 -enum int -char signed -str noreuse -proc arm946e -gccext,on -fp soft -inline noauto -lang=c++ -Cpp_exceptions off -RTTI off -interworking -w off -sym on -gccinc -nolink -msgstyle gcc -str pool,reuse -i include -lang=c++ -d usa -MD -c src\World\Zone3DModelLoading.cpp -o build\usa\src\World
[152/164] ".\tools\mwccarm\2.0\sp2p2\mwccarm.exe" -O2 -enum int -char signed -str noreuse -proc arm946e -gccext,on -fp soft -inline noauto -lang=c++ -Cpp_exceptions off -RTTI off -interworking -w off -sym on -gccinc -nolink -msgstyle gcc -str pool,reuse -i include -lang=c++ -d usa -MD -c src\World\Zone3DMapLoading.cpp -o build\usa\src\World
[153/164] ".\tools\mwccarm\2.0\sp2p2\mwccarm.exe" -O2 -enum int -char signed -str noreuse -proc arm946e -gccext,on -fp soft -inline noauto -lang=c++ -Cpp_exceptions off -RTTI off -interworking -w off -sym on -gccinc -nolink -msgstyle gcc -str pool,reuse -i include -lang=c++ -d usa -MD -c src\World\Object3D.cpp -o build\usa\src\World
[154/164] ".\tools\mwccarm\2.0\sp2p2\mwccarm.exe" -O2 -enum int -char signed -str noreuse -proc arm946e -gccext,on -fp soft -inline noauto -lang=c++ -Cpp_exceptions off -RTTI off -interworking -w off -sym on -gccinc -nolink -msgstyle gcc -str pool,reuse -i include -lang=c++ -d usa -MD -c src\World\ZoneFeatures.cpp -o build\usa\src\World
[155/164] .\objdiff-cli.exe report generate -o build\usa\report.json
 INFO Loading project .
 INFO Generating report for 255 units (using 24 threads)
 INFO Report generated in 1.146s
 INFO Writing to build\usa\report.json
[156/164] C:\Users\swayn\Projects\DQIX-Decomp\.venv\Scripts\python.exe tools/check_progress.py
{
  "total_code": 0,
  "total_data": 0,
  "total_functions": 0,
  "matched_code": 30216,
  "matched_data": 3492,
  "matched_functions": 191
}
[157/164] C:\Users\swayn\Projects\DQIX-Decomp\.venv\Scripts\python.exe tools/prepare_link_objects.py --objects "build\usa\objects.txt" --fallback-dir "build\usa\delinks" --output-dir "build\usa\link_objects" --output-list "build\usa\link_objects.txt" --report "build\usa\link_objects_report.json" --symbol-config "config\usa\arm9\symbols.txt" --link-command  ".\tools\mwccarm\2.0\sp2p2\mwldarm.exe" -proc arm946e -nostdlib -interworking -m Entry -map closure,unused -msgstyle gcc -dead -force_active func_ov030_021d8a40 @"build\usa\link_objects.txt" build\usa\arm9.lcf -o build\usa\arm9.o
Prepared 114 fallback copies; corrected 2 allowlisted symbol sizes
[158/164] .\dsd.exe check modules --config-path config\usa\arm9\config.yaml --fail
[INFO ] Check ARM9 main: OK
[INFO ] Check ITCM: OK
[INFO ] Check DTCM: OK
[INFO ] Check overlay 0: OK
[INFO ] Check overlay 1: OK
[INFO ] Check overlay 2: OK
[INFO ] Check overlay 3: OK
[INFO ] Check overlay 4: OK
[INFO ] Check overlay 5: OK
[INFO ] Check overlay 6: OK
[INFO ] Check overlay 7: OK
[INFO ] Check overlay 8: OK
[INFO ] Check overlay 9: OK
[INFO ] Check overlay 10: OK
[INFO ] Check overlay 11: OK
[INFO ] Check overlay 12: OK
[INFO ] Check overlay 13: OK
[INFO ] Check overlay 14: OK
[INFO ] Check overlay 15: OK
[INFO ] Check overlay 16: OK
[INFO ] Check overlay 17: OK
[INFO ] Check overlay 18: OK
[INFO ] Check overlay 19: OK
[INFO ] Check overlay 20: OK
[INFO ] Check overlay 21: OK
[INFO ] Check overlay 22: OK
[INFO ] Check overlay 23: OK
[INFO ] Check overlay 24: OK
[INFO ] Check overlay 25: OK
[INFO ] Check overlay 26: OK
[INFO ] Check overlay 27: OK
[INFO ] Check overlay 28: OK
[INFO ] Check overlay 29: OK
[INFO ] Check overlay 30: OK
[INFO ] Check overlay 31: OK
[INFO ] Check overlay 32: OK
[INFO ] Check overlay 33: OK
[INFO ] Check overlay 34: OK
[159/164] .\dsd.exe check symbols --config-path config\usa\arm9\config.yaml --elf-path build\usa\arm9.o --fail
[160/164] .\dsd.exe rom config --elf build\usa\arm9.o --config config\usa\arm9\config.yaml
[INFO ] Loading ROM from config\usa\arm9\../../../extract/usa/config.yaml
[161/164] C:\Users\swayn\Projects\DQIX-Decomp\.venv\Scripts\python.exe tools/arm7_build.py --compiler "tools\mwccarm\2.0\sp2p2" --output "build\usa\arm7" --rom-config build\usa\build\rom_config.yaml --output-rom-config "build\usa\build\rom_config_arm7.yaml"
### mwccarm.exe Compiler:
#    File: config\usa\arm7\src\CpuStatus.c
# ----------------------------------------
#       7:     int oldState;  
# Warning:         ^^^^^^^^
#   variable 'oldState' is not initialized before being used
### mwccarm.exe Compiler:
#      16:     int oldState;  
# Warning:         ^^^^^^^^
#   variable 'oldState' is not initialized before being used
### mwccarm.exe Compiler:
#      25:     int oldState;  
# Warning:         ^^^^^^^^
#   variable 'oldState' is not initialized before being used
### mwccarm.exe Compiler:
#      35:     int oldState;  
# Warning:         ^^^^^^^^
#   variable 'oldState' is not initialized before being used
### mwccarm.exe Compiler:
#      44:     int oldState;  
# Warning:         ^^^^^^^^
#   variable 'oldState' is not initialized before being used
### mwccarm.exe Compiler:
#      54:     int state;  
# Warning:         ^^^^^
#   variable 'state' is not initialized before being used
ARM7 source build PASS: 7308 source-owned bytes, 160568 binary fallback bytes
[162/164] .\dsd.exe rom build --config build\usa\build\rom_config_arm7.yaml --rom build\usa\unfinalized.nds 
[INFO ] Loading ROM from build\usa\build\rom_config_arm7.yaml
[INFO ] Compressing arm9 overlay 0/34
[INFO ] Compressing arm9 overlay 1/34
[INFO ] Compressing arm9 overlay 2/34
[INFO ] Compressing arm9 overlay 3/34
[INFO ] Compressing arm9 overlay 4/34
[INFO ] Compressing arm9 overlay 5/34
[INFO ] Compressing arm9 overlay 6/34
[INFO ] Compressing arm9 overlay 7/34
[INFO ] Compressing arm9 overlay 8/34
[INFO ] Compressing arm9 overlay 9/34
[INFO ] Compressing arm9 overlay 10/34
[INFO ] Compressing arm9 overlay 11/34
[INFO ] Compressing arm9 overlay 12/34
[INFO ] Compressing arm9 overlay 13/34
[INFO ] Compressing arm9 overlay 14/34
[INFO ] Compressing arm9 overlay 15/34
[INFO ] Compressing arm9 overlay 16/34
[INFO ] Compressing arm9 overlay 17/34
[INFO ] Compressing arm9 overlay 18/34
[INFO ] Compressing arm9 overlay 19/34
[INFO ] Compressing arm9 overlay 20/34
[INFO ] Compressing arm9 overlay 21/34
[INFO ] Compressing arm9 overlay 22/34
[INFO ] Compressing arm9 overlay 23/34
[INFO ] Compressing arm9 overlay 24/34
[INFO ] Compressing arm9 overlay 25/34
[INFO ] Compressing arm9 overlay 26/34
[INFO ] Compressing arm9 overlay 27/34
[INFO ] Compressing arm9 overlay 28/34
[INFO ] Compressing arm9 overlay 29/34
[INFO ] Compressing arm9 overlay 30/34
[INFO ] Compressing arm9 overlay 31/34
[INFO ] Compressing arm9 overlay 32/34
[INFO ] Compressing arm9 overlay 33/34
[INFO ] Compressing arm9 overlay 34/34
[INFO ] Compressing ARM9 program
[INFO ] Loading ROM assets
[163/164] C:\Users\swayn\Projects\DQIX-Decomp\.venv\Scripts\python.exe tools/finalize_rom_header.py build\usa\unfinalized.nds dqix_usa.nds --baserom extract\baserom_dqix_usa.nds
USA ROM PASS: c7c3014c237900c8281289b8bc76a781969b6278; original secure-area CRC metadata preserved after exact secure-area comparison; header CRC recomputed
[164/164] C:\Users\swayn\Projects\DQIX-Decomp\.venv\Scripts\python.exe tools/check_arm7.py
ARM7 baseline PASS: 167,876 bytes preserved; source coverage measured separately; report: build\usa\arm7-report.json

$ C:\Users\swayn\Projects\DQIX-Decomp\.venv\Scripts\ninja.exe sha1
[1/7] .\dsd.exe delink --config-path config\usa\arm9\config.yaml
[INFO ] Loading ROM from config\usa\arm9\../../../extract/usa/config.yaml
[INFO ] Function at 0x020c0e9c was adjusted to include pre-code constant pool at 0x020c0e88
[2/7] C:\Users\swayn\Projects\DQIX-Decomp\.venv\Scripts\python.exe tools/prepare_link_objects.py --objects "build\usa\objects.txt" --fallback-dir "build\usa\delinks" --output-dir "build\usa\link_objects" --output-list "build\usa\link_objects.txt" --report "build\usa\link_objects_report.json" --symbol-config "config\usa\arm9\symbols.txt" --link-command  ".\tools\mwccarm\2.0\sp2p2\mwldarm.exe" -proc arm946e -nostdlib -interworking -m Entry -map closure,unused -msgstyle gcc -dead -force_active func_ov030_021d8a40 @"build\usa\link_objects.txt" build\usa\arm9.lcf -o build\usa\arm9.o
Prepared 114 fallback copies; corrected 2 allowlisted symbol sizes
[3/7] .\dsd.exe rom config --elf build\usa\arm9.o --config config\usa\arm9\config.yaml
[INFO ] Loading ROM from config\usa\arm9\../../../extract/usa/config.yaml
[4/7] C:\Users\swayn\Projects\DQIX-Decomp\.venv\Scripts\python.exe tools/arm7_build.py --compiler "tools\mwccarm\2.0\sp2p2" --output "build\usa\arm7" --rom-config build\usa\build\rom_config.yaml --output-rom-config "build\usa\build\rom_config_arm7.yaml"
### mwccarm.exe Compiler:
#    File: config\usa\arm7\src\CpuStatus.c
# ----------------------------------------
#       7:     int oldState;  
# Warning:         ^^^^^^^^
#   variable 'oldState' is not initialized before being used
### mwccarm.exe Compiler:
#      16:     int oldState;  
# Warning:         ^^^^^^^^
#   variable 'oldState' is not initialized before being used
### mwccarm.exe Compiler:
#      25:     int oldState;  
# Warning:         ^^^^^^^^
#   variable 'oldState' is not initialized before being used
### mwccarm.exe Compiler:
#      35:     int oldState;  
# Warning:         ^^^^^^^^
#   variable 'oldState' is not initialized before being used
### mwccarm.exe Compiler:
#      44:     int oldState;  
# Warning:         ^^^^^^^^
#   variable 'oldState' is not initialized before being used
### mwccarm.exe Compiler:
#      54:     int state;  
# Warning:         ^^^^^
#   variable 'state' is not initialized before being used
ARM7 source build PASS: 7308 source-owned bytes, 160568 binary fallback bytes
[5/7] .\dsd.exe rom build --config build\usa\build\rom_config_arm7.yaml --rom build\usa\unfinalized.nds 
[INFO ] Loading ROM from build\usa\build\rom_config_arm7.yaml
[INFO ] Compressing arm9 overlay 0/34
[INFO ] Compressing arm9 overlay 1/34
[INFO ] Compressing arm9 overlay 2/34
[INFO ] Compressing arm9 overlay 3/34
[INFO ] Compressing arm9 overlay 4/34
[INFO ] Compressing arm9 overlay 5/34
[INFO ] Compressing arm9 overlay 6/34
[INFO ] Compressing arm9 overlay 7/34
[INFO ] Compressing arm9 overlay 8/34
[INFO ] Compressing arm9 overlay 9/34
[INFO ] Compressing arm9 overlay 10/34
[INFO ] Compressing arm9 overlay 11/34
[INFO ] Compressing arm9 overlay 12/34
[INFO ] Compressing arm9 overlay 13/34
[INFO ] Compressing arm9 overlay 14/34
[INFO ] Compressing arm9 overlay 15/34
[INFO ] Compressing arm9 overlay 16/34
[INFO ] Compressing arm9 overlay 17/34
[INFO ] Compressing arm9 overlay 18/34
[INFO ] Compressing arm9 overlay 19/34
[INFO ] Compressing arm9 overlay 20/34
[INFO ] Compressing arm9 overlay 21/34
[INFO ] Compressing arm9 overlay 22/34
[INFO ] Compressing arm9 overlay 23/34
[INFO ] Compressing arm9 overlay 24/34
[INFO ] Compressing arm9 overlay 25/34
[INFO ] Compressing arm9 overlay 26/34
[INFO ] Compressing arm9 overlay 27/34
[INFO ] Compressing arm9 overlay 28/34
[INFO ] Compressing arm9 overlay 29/34
[INFO ] Compressing arm9 overlay 30/34
[INFO ] Compressing arm9 overlay 31/34
[INFO ] Compressing arm9 overlay 32/34
[INFO ] Compressing arm9 overlay 33/34
[INFO ] Compressing arm9 overlay 34/34
[INFO ] Compressing ARM9 program
[INFO ] Loading ROM assets
[6/7] C:\Users\swayn\Projects\DQIX-Decomp\.venv\Scripts\python.exe tools/finalize_rom_header.py build\usa\unfinalized.nds dqix_usa.nds --baserom extract\baserom_dqix_usa.nds
USA ROM PASS: c7c3014c237900c8281289b8bc76a781969b6278; original secure-area CRC metadata preserved after exact secure-area comparison; header CRC recomputed
[7/7] C:\Users\swayn\Projects\DQIX-Decomp\.venv\Scripts\python.exe tools/sha1.py dqix_usa.nds -c dqix_usa.sha1
dqix_usa.nds: OK
